// Jest Snapshot v1, https://goo.gl/fbAQLP

exports[`matches snapshot 1`] = `
<div>
  <SearchForm
    id="company"
    search={[Function]}
  />
</div>
`;
